https://blog.angularindepth.com/creating-a-library-in-angular-6-87799552e7e5
https://github.com/t-palmer/example-ng6-lib
https://blog.angularindepth.com/creating-a-library-in-angular-6-part-2-6e2bc1e14121


D:\Temp\Test\example-ng6-lib>ng generate library example-ng6-lib --prefix=enl
D:\Temp\Test\example-ng6-lib>ng build example-ng6-lib
D:\Temp\Test\example-ng6-lib>ng generate component foo --project=example-ng6-lib
D:\Temp\Test\example-ng6-lib>ng build example-ng6-lib --watch

build_lib: build the dist folder:
npm_pack: create the D:\Temp\Test\example-ng6-lib\dist\example-ng6-lib\example-ng6-lib-0.0.1.tgz
package: do the two above commands in sequence.

Test it with my-angular-app (test-example-ng6-lib branch),
D:\Temp\my-angular-app>npm install ..\Test\example-ng6-lib\dist\example-ng6-lib\example-ng6-lib-0.0.1.tgz

==================

D:\Temp\Test\example-ng6-lib>ng generate library example-ng6-lib --prefix=enl
CREATE projects/example-ng6-lib/karma.conf.js (968 bytes)
CREATE projects/example-ng6-lib/ng-package.json (164 bytes)
CREATE projects/example-ng6-lib/package.json (145 bytes)
CREATE projects/example-ng6-lib/tsconfig.lib.json (726 bytes)
CREATE projects/example-ng6-lib/tsconfig.spec.json (246 bytes)
CREATE projects/example-ng6-lib/tslint.json (247 bytes)
CREATE projects/example-ng6-lib/src/test.ts (700 bytes)
CREATE projects/example-ng6-lib/src/public_api.ts (191 bytes)
CREATE projects/example-ng6-lib/src/lib/example-ng6-lib.module.ts (261 bytes)
CREATE projects/example-ng6-lib/src/lib/example-ng6-lib.component.spec.ts (679 bytes)
CREATE projects/example-ng6-lib/src/lib/example-ng6-lib.component.ts (281 bytes)
CREATE projects/example-ng6-lib/src/lib/example-ng6-lib.service.spec.ts (370 bytes)
CREATE projects/example-ng6-lib/src/lib/example-ng6-lib.service.ts (142 bytes)
UPDATE angular.json (5041 bytes)
UPDATE package.json (1455 bytes)
UPDATE tsconfig.json (566 bytes)

> ng-packagr@4.4.5 postinstall D:\Temp\Test\example-ng6-lib\node_modules\ng-packagr
> opencollective postinstall


     *** Thank you for using ng-packagr! ***

Please consider donating to our open collective
     to help us maintain this package.

  https://opencollective.com/ng-packagr/donate

----------------------


D:\Temp\Test\example-ng6-lib>ng build example-ng6-lib
...
Built example-ng6-lib
Built Angular Package!
 - from: D:\Temp\Test\example-ng6-lib\projects\example-ng6-lib
 - to:   D:\Temp\Test\example-ng6-lib\dist\example-ng6-lib

------------------

D:\Temp\Test\example-ng6-lib>ng generate component foo --project=example-ng6-lib
CREATE projects/example-ng6-lib/src/lib/foo/foo.component.html (22 bytes)
CREATE projects/example-ng6-lib/src/lib/foo/foo.component.spec.ts (607 bytes)
CREATE projects/example-ng6-lib/src/lib/foo/foo.component.ts (257 bytes)
CREATE projects/example-ng6-lib/src/lib/foo/foo.component.css (0 bytes)
UPDATE projects/example-ng6-lib/src/lib/example-ng6-lib.module.ts (327 bytes)

-----------------

D:\Temp\my-angular-app>npm install ..\Test\example-ng6-lib\dist\example-ng6-lib\example-ng6-lib-0.0.1.tgz
npm WARN rollback Rolling back node-pre-gyp@0.10.0 failed (this is probably harmless): EPERM: operation not permitted, rmdir 'D:\Temp\my-angular-app\node_modules\fsevents\node_modules'
npm WARN optional SKIPPING OPTIONAL DEPENDENCY: fsevents@1.2.4 (node_modules\fsevents):
npm WARN notsup SKIPPING OPTIONAL DEPENDENCY: Unsupported platform for fsevents@1.2.4: wanted {"os":"darwin","arch":"any"} (current: {"os":"win32","arch":"x64"})

+ example-ng6-lib@0.0.1
added 1 package, removed 1 package and audited 39135 packages in 23.104s
found 0 vulnerabilities

Note: The line to be added:
"example-ng6-lib": "file:../Test/example-ng6-lib/dist/example-ng6-lib/example-ng6-lib-0.0.1.tgz",
